// Vitest Snapshot v1, https://vitest.dev/guide/snapshot.html

exports[`FloatingWidget > renders the floating widget button 1`] = `
<div>
  <button
    aria-label="Scroll to top"
    class="floating-widget"
  >
    <svg
      aria-hidden="true"
      class="svg-inline--fa fa-arrow-up icon"
      data-icon="arrow-up"
      data-prefix="fas"
      focusable="false"
      role="img"
      viewBox="0 0 384 512"
      xmlns="http://www.w3.org/2000/svg"
    >
      <path
        d="M214.6 41.4c-12.5-12.5-32.8-12.5-45.3 0l-160 160c-12.5 12.5-12.5 32.8 0 45.3s32.8 12.5 45.3 0L160 141.2 160 448c0 17.7 14.3 32 32 32s32-14.3 32-32l0-306.7L329.4 246.6c12.5 12.5 32.8 12.5 45.3 0s12.5-32.8 0-45.3l-160-160z"
        fill="currentColor"
      />
    </svg>
  </button>
</div>
`;
