// Vitest Snapshot v1, https://vitest.dev/guide/snapshot.html

exports[`Header > renders avatar, date picker, and search button 1`] = `
<div>
  <div
    class="header"
  >
    <img
      alt="profile avatar"
      aria-description="profile avatar"
      class="avatar avatar--circle"
      src="https://www.gravatar.com/avatar/00000000000000000000000000000000?d=mp&f=y"
    />
    <div
      class="react-datepicker-wrapper"
    >
      <div
        class="react-datepicker__input-container"
      >
        <input
          class="datepicker"
          type="text"
          value="12/31/2022"
        />
      </div>
    </div>
    <button
      aria-describedby="search"
      class="search__button"
    >
      <svg
        aria-hidden="true"
        class="svg-inline--fa fa-magnifying-glass icon"
        data-icon="magnifying-glass"
        data-prefix="fas"
        focusable="false"
        role="img"
        viewBox="0 0 512 512"
        xmlns="http://www.w3.org/2000/svg"
      >
        <path
          d="M416 208c0 45.9-14.9 88.3-40 122.7L502.6 457.4c12.5 12.5 12.5 32.8 0 45.3s-32.8 12.5-45.3 0L330.7 376c-34.4 25.2-76.8 40-122.7 40C93.1 416 0 322.9 0 208S93.1 0 208 0S416 93.1 416 208zM208 352a144 144 0 1 0 0-288 144 144 0 1 0 0 288z"
          fill="currentColor"
        />
      </svg>
    </button>
  </div>
</div>
`;
